esp32的日志：
PS E:\AICleanBot>  & 'E:\aishuai\Espressif\python_env\idf5.3_py3.11_env\Scripts\python.exe' 'E:\aishuai\Espressif\frameworks\esp-idf-v5.3.1\tools\idf_monitor.py' -p COM8 -b 115200 --toolchain-prefix xtensa-esp32s3-elf- --make '''E:\aishuai\Espressif\python_env\idf5.3_py3.11_env\Scripts\python.exe'' ''E:\aishuai\Espressif\frameworks\esp-idf-v5.3.1\tools\idf.py''' --target esp32s3 'e:\AICleanBot\build\model_in_flash_rodata.elf'
--- Warning: GDB cannot open serial ports accessed as COMx
--- Using \\.\COM8 instead...
--- esp-idf-monitor 1.5.0 on \\.\COM8 115200
--- Quit: Ctrl+] | Menu: Ctrl+T | Help: Ctrl+T followed by Ctrl+H
ESP-ROM:esp32s3-20210327
Build:Mar 27 2021
rst:0x1 (POWERON),boot:0x8 (SPI_FAST_FLASH_BOOT)
SPIWP:0xee
mode:DIO, clock div:1
load:0x3fce2820,len:0x1918
load:0x403c8700,len:0x4
load:0x403c8704,len:0xe5c
load:0x403cb700,len:0x303c
entry 0x403c893c
I (27) boot: ESP-IDF v5.3.1-dirty 2nd stage bootloader
I (27) boot: compile time Mar 22 2026 21:38:05
I (27) boot: Multicore bootloader
I (30) boot: chip revision: v0.2
I (34) qio_mode: Enabling default flash chip QIO
I (39) boot.esp32s3: Boot SPI Speed : 80MHz
I (44) boot.esp32s3: SPI Mode       : QIO
I (49) boot.esp32s3: SPI Flash Size : 8MB
I (54) boot: Enabling RNG early entropy source...
I (59) boot: Partition Table:
I (63) boot: ## Label            Usage          Type ST Offset   Length
I (70) boot:  0 nvs              WiFi data        01 02 00010000 00006000
I (77) boot:  1 factory          factory app      00 00 00020000 0079e000
I (85) boot: End of partition table
I (89) esp_image: segment 0: paddr=00020020 vaddr=3c0a0020 size=24394h (148372) map
I (120) esp_image: segment 1: paddr=000443bc vaddr=3fc9e900 size=0750ch ( 29964) load
I (126) esp_image: segment 2: paddr=0004b8d0 vaddr=40378000 size=04748h ( 18248) load
I (130) esp_image: segment 3: paddr=00050020 vaddr=42000020 size=9088ch (592012) map
I (224) esp_image: segment 4: paddr=000e08b4 vaddr=4037c748 size=121a4h ( 74148) load
I (248) boot: Loaded app from partition at offset 0x20000
I (248) boot: Disabling RNG early entropy source...
I (260) octal_psram: vendor id    : 0x0d (AP)
I (261) octal_psram: dev id       : 0x02 (generation 3)
I (261) octal_psram: density      : 0x03 (64 Mbit)
I (266) octal_psram: good-die     : 0x01 (Pass)
I (271) octal_psram: Latency      : 0x01 (Fixed)
I (276) octal_psram: VCC          : 0x01 (3V)
I (281) octal_psram: SRF          : 0x01 (Fast Refresh)
I (287) octal_psram: BurstType    : 0x01 (Hybrid Wrap)
I (293) octal_psram: BurstLen     : 0x01 (32 Byte)
I (298) octal_psram: Readlatency  : 0x02 (10 cycles@Fixed)
I (304) octal_psram: DriveStrength: 0x00 (1/1)
I (310) MSPI Timing: PSRAM timing tuning index: 5
I (315) esp_psram: Found 8MB PSRAM device
I (320) esp_psram: Speed: 80MHz
I (324) cpu_start: Multicore app
I (613) esp_psram: SPI SRAM memory test OK
I (621) cpu_start: Pro cpu start user code
I (621) cpu_start: cpu freq: 240000000 Hz
I (621) app_init: Application information:
I (624) app_init: Project name:     model_in_flash_rodata
I (630) app_init: App version:      433175b-dirty
I (636) app_init: Compile time:     Mar 22 2026 21:37:27
I (642) app_init: ELF file SHA256:  ff3acc736...
I (647) app_init: ESP-IDF:          v5.3.1-dirty
I (652) efuse_init: Min chip rev:     v0.0
I (657) efuse_init: Max chip rev:     v0.99
I (662) efuse_init: Chip rev:         v0.2
I (667) heap_init: Initializing. RAM available for dynamic allocation:
I (674) heap_init: At 3FCA9AF8 len 0003FC18 (255 KiB): RAM
I (680) heap_init: At 3FCE9710 len 00005724 (21 KiB): RAM
I (686) esp_psram: Adding pool of 8192K of PSRAM memory to heap allocator
I (694) spi_flash: detected chip: boya
I (698) spi_flash: flash io: qio
W (702) spi_flash: Detected size(16384k) larger than the size in the binary image header(8192k). Using the size in the binary image header.
W (715) i2c: This driver is an old driver, please migrate your application code to adapt `driver/i2c_master.h`
I (726) sleep: Configure to isolate all GPIO pins in sleep state
I (733) sleep: Enable automatic switching of GPIO sleep configuration
I (740) main_task: Started on CPU0
I (750) esp_psram: Reserving pool of 32K of internal memory for DMA/internal allocations
I (750) main_task: Calling app_main()
I (760) CAM_TCP: ========================================
I (760) CAM_TCP: ESP32 Camera Server (WiFi AP + TCP)
I (770) CAM_TCP: ========================================
I (790) CAM_TCP: [Camera] 初始化摄像头...
I (790) s3 ll_cam: DMA Channel=0
I (790) cam_hal: cam init ok
I (790) sccb: pin_sda 4 pin_scl 5
I (790) sccb: sccb_i2c_port=1
I (810) camera: Camera PID=0x26 VER=0x42 MIDL=0x7f MIDH=0xa2
I (810) camera: Detected OV2640 camera
I (810) camera: Detected camera at address=0x30
I (880) cam_hal: PSRAM DMA mode disabled
I (880) s3 ll_cam: node_size: 3840, nodes_per_line: 1, lines_per_node: 12
I (880) s3 ll_cam: dma_half_buffer_min:  3840, dma_half_buffer:  7680, lines_per_half_buffer: 24, dma_buffer_size: 30720
I (890) cam_hal: buffer_size: 30720, half_buffer_size: 7680, node_buffer_size: 3840, node_cnt: 8, total_cnt: 5
I (900) cam_hal: Allocating 19200 Byte frame buffer in PSRAM
I (910) cam_hal: cam config ok
I (910) ov2640: Set PLL: clk_2x: 1, clk_div: 3, pclk_auto: 1, pclk_div: 8
I (980) CAM_TCP: [Camera] 初始化成功 (QQVGA 160x120 灰度)
I (980) pp: pp rom version: e7ae62f
I (980) net80211: net80211 rom version: e7ae62f
I (1000) wifi:wifi driver task: 3fcc456c, prio:23, stack:6656, core=0
I (1000) wifi:wifi firmware version: ccaebfa
I (1000) wifi:wifi certification version: v7.0
I (1000) wifi:config NVS flash: enabled
I (1010) wifi:config nano formating: disabled
I (1010) wifi:Init data frame dynamic rx buffer num: 32
I (1020) wifi:Init static rx mgmt buffer num: 5
I (1020) wifi:Init management short buffer num: 32
I (1020) wifi:Init static tx buffer num: 16
I (1030) wifi:Init tx cache buffer num: 32
I (1030) wifi:Init static tx FG buffer num: 2
I (1040) wifi:Init static rx buffer size: 1600
I (1040) wifi:Init static rx buffer num: 10
I (1040) wifi:Init dynamic rx buffer num: 32
I (1050) wifi_init: rx ba win: 6
I (1050) wifi_init: accept mbox: 6
I (1060) wifi_init: tcpip mbox: 32
I (1060) wifi_init: udp mbox: 6
I (1060) wifi_init: tcp mbox: 6
I (1070) wifi_init: tcp tx win: 5760
I (1070) wifi_init: tcp rx win: 5760
I (1080) wifi_init: tcp mss: 1440
I (1080) wifi_init: WiFi IRAM OP enabled
I (1080) wifi_init: WiFi RX IRAM OP enabled
I (1090) phy_init: phy_version 680,a6008b2,Jun  4 2024,16:41:10
W (1130) phy_init: saving new calibration data because of checksum failure, mode(0)
I (1140) wifi:mode : softAP (3c:0f:02:d7:57:01)
I (1150) wifi:Total power save buffer number: 8
I (1150) wifi:Init max length of beacon: 752/752
I (1150) wifi:Init max length of beacon: 752/752
I (1150) CAM_TCP: [WiFi] AP已启动 SSID=ESP32-CAM 密码=12345678 IP=192.168.4.1
I (1150) esp_netif_lwip: DHCP server started on interface WIFI_AP_DEF with IP: 192.168.4.1
I (1170) CAM_TCP: [TCP] Server已启动, 端口=8080
I (1170) CAM_TCP: ========================================
I (1180) CAM_TCP: 系统启动完成!
I (1180) CAM_TCP: 热点: ESP32-CAM  密码: 12345678
I (1190) CAM_TCP: TCP端口: 8080
I (1190) CAM_TCP: ========================================
I (1200) main_task: Returned from app_main()
I (39440) wifi:new:<1,0>, old:<1,1>, ap:<1,1>, sta:<255,255>, prof:1, snd_ch_cfg:0x0
I (39440) wifi:station: b2:16:a2:d7:8c:95 join, AID=1, bgn, 20
I (39590) wifi:<ba-add>idx:2 (ifx:1, b2:16:a2:d7:8c:95), tid:0, ssn:2934, winSize:64
I (40670) esp_netif_lwip: DHCP server assigned IP to a client, IP is: 192.168.4.2
I (43070) wifi:<ba-add>idx:3 (ifx:1, b2:16:a2:d7:8c:95), tid:2, ssn:932, winSize:64
I (68440) wifi:<ba-add>idx:4 (ifx:1, b2:16:a2:d7:8c:95), tid:4, ssn:2099, winSize:64
I (76750) wifi:station: b2:16:a2:d7:8c:95 leave, AID = 1, reason = 8, bss_flags is 691299, bss:0x3fcac3f0
I (76750) wifi:new:<1,0>, old:<1,0>, ap:<1,1>, sta:<255,255>, prof:1, snd_ch_cfg:0x0
I (76750) wifi:<ba-del>idx:2, tid:0
I (76760) wifi:<ba-del>idx:3, tid:2
I (76760) wifi:<ba-del>idx:4, tid:4
I (77430) wifi:new:<1,0>, old:<1,0>, ap:<1,1>, sta:<255,255>, prof:1, snd_ch_cfg:0x0
I (77430) wifi:station: b2:16:a2:d7:8c:95 join, AID=1, bgn, 20
I (77560) esp_netif_lwip: DHCP server assigned IP to a client, IP is: 192.168.4.2
I (77770) wifi:<ba-add>idx:2 (ifx:1, b2:16:a2:d7:8c:95), tid:0, ssn:2040, winSize:64
I (78810) wifi:<ba-add>idx:3 (ifx:1, b2:16:a2:d7:8c:95), tid:2, ssn:1167, winSize:64




小程序的日志
09:01:22 |！！！连接错误：｛"errMsg"："connect fail: invalid
port
'8080'"
, "errCode": -4, "errno": 1001}

09:01:22 | >>> 发起TCP连接请求
09:01:22
| TCPSocket 创建成功
09:01:22
>>> 开始连接 192.168.4.1:8080
09:01:20
| 加载本地图片：0 张